[backblue.gif]
[fade.gif]
[index.html]
[localhost/wordpress/feed/index.html]
[localhost/wordpress/comments/feed/index.html]
[localhost/wordpress/wp-content/uploads/2023/09/abstract-background-1.jpg]
[localhost/wordpress/wp-includes/js/dist/vendor/wp-polyfill-inert.min0226.js]
[localhost/wordpress/wp-includes/js/dist/vendor/regenerator-runtime.min8fa4.js]
[localhost/wordpress/wp-includes/js/dist/vendor/wp-polyfill.min2c7c.js]
[localhost/wordpress/wp-includes/js/dist/hooks.min2ebd.js]
[localhost/wordpress/wp-includes/js/jquery/jquery.min3088.js]
[stats.wp.com/wd624.js]
[localhost/wordpress/wp-includes/js/jquery/jquery-migrate.min5589.js]
[localhost/wordpress/wp-content/plugins/kenta-companion/assets/js/kenta-companion.minc5c9.js]
[localhost/wordpress/wp-content/themes/kenta/dist/vendor/scrollreveal/scrollreveal.min9632.js]
[localhost/wordpress/wp-content/themes/kenta/dist/vendor/hc-sticky/hc-sticky.min9632.js]
[localhost/wordpress/wp-content/plugins/kenta-blocks/dist/frontend.min6a9f.js]
[localhost/wordpress/wp-json/index.html]
[localhost/wordpress/wp-json/wp/v2/pages/211.json]
[localhost/wordpress/xmlrpc0db0.php]
[localhost/wordpress/wp-json/oembed/1.0/embed68f4.json]
[localhost/wordpress/wp-json/oembed/1.0/embedd248]
[localhost/wordpress/wp-content/uploads/2023/09/1484737203254IMG7152.jpg]
[localhost/wordpress/wp-content/uploads/2023/09/editedlogo2transparent.png]
[localhost/wordpress/wp-content/plugins/contact-form-7/includes/swv/js/index41a3.js]
[localhost/wordpress/wp-content/plugins/contact-form-7/includes/js/index41a3.js]
[localhost/wordpress/wp-content/plugins/woocommerce/assets/js/jquery-blockui/jquery.blockUI.minf111.js]
[localhost/wordpress/wp-content/plugins/woocommerce/assets/js/frontend/add-to-cart.min12c8.js]
[localhost/wordpress/wp-content/plugins/woocommerce/assets/js/js-cookie/js.cookie.min956a.js]
[localhost/wordpress/wp-content/plugins/woocommerce/assets/js/frontend/woocommerce.min12c8.js]
[localhost/wordpress/wp-content/themes/kenta/dist/js/app.min9632.js]
[localhost/wordpress/index.html]
[localhost/wordpress/wp-includes/css/dist/block-library/style.min9b30.css]
[localhost/wordpress/wp-includes/js/mediaelement/mediaelementplayer-legacy.min1f61.css]
[localhost/wordpress/wp-includes/js/mediaelement/wp-mediaelement.min9b30.css]
[localhost/wordpress/wp-content/plugins/kenta-blocks/assets/fontawesome/webfonts/fa-brands-400.woff2]
[localhost/wordpress/wp-content/plugins/kenta-blocks/assets/fontawesome/webfonts/fa-regular-400.woff2]
[localhost/wordpress/wp-content/plugins/kenta-blocks/assets/fontawesome/webfonts/fa-solid-900.woff2]
[localhost/wordpress/wp-content/plugins/kenta-blocks/assets/fontawesome/webfonts/fa-v4compatibility.woff2]
[localhost/wordpress/wp-content/plugins/kenta-blocks/assets/fontawesome/css/all.min6a9f.css]
[localhost/wordpress/wp-content/plugins/kenta-blocks/dist/blocks.style.min6a9f.css]
[localhost/wordpress/wp-content/plugins/woocommerce/packages/woocommerce-blocks/build/wc-blocks-vendors-style71f0.css]
[localhost/wordpress/wp-content/plugins/woocommerce/packages/woocommerce-blocks/build/wc-all-blocks-style71f0.css]
[localhost/wordpress/wp-content/plugins/contact-form-7/includes/css/styles41a3.css]
[localhost/wordpress/wp-content/plugins/kenta-companion/assets/css/kenta-companion.minc5c9.css]
[localhost/wordpress/wp-content/themes/kenta-business/style4bf4.css]
[localhost/wordpress/wp-content/themes/kenta/lotta-framework/dist/vendor/fontawesome/webfonts/fa-brands-400.woff2]
[localhost/wordpress/wp-content/themes/kenta/lotta-framework/dist/vendor/fontawesome/webfonts/fa-regular-400.woff2]
[localhost/wordpress/wp-content/themes/kenta/lotta-framework/dist/vendor/fontawesome/webfonts/fa-solid-900.woff2]
[localhost/wordpress/wp-content/themes/kenta/lotta-framework/dist/vendor/fontawesome/webfonts/fa-v4compatibility.woff2]
[localhost/wordpress/wp-content/themes/kenta/lotta-framework/dist/vendor/fontawesome/css/all.min6471.css]
[localhost/wordpress/wp-content/themes/kenta/dist/css/style.min9632.css]
[localhost/wordpress/wp-content/fonts/fira-sans/va9E4kDNxMZdWfMOD5VvmojLeTY.woff2]
[localhost/wordpress/wp-content/fonts/fira-sans/va9E4kDNxMZdWfMOD5Vvk4jLeTY.woff2]
[localhost/wordpress/wp-content/fonts/fira-sans/va9E4kDNxMZdWfMOD5Vvm4jLeTY.woff2]
[localhost/wordpress/wp-content/fonts/fira-sans/va9E4kDNxMZdWfMOD5VvlIjLeTY.woff2]
[localhost/wordpress/wp-content/fonts/fira-sans/va9E4kDNxMZdWfMOD5VvmIjLeTY.woff2]
[localhost/wordpress/wp-content/fonts/fira-sans/va9E4kDNxMZdWfMOD5VvmYjLeTY.woff2]
[localhost/wordpress/wp-content/fonts/fira-sans/va9E4kDNxMZdWfMOD5Vvl4jL.woff2]
[localhost/wordpress/wp-content/fonts/e57f61e262c08435add64496facfc11d9632.css]
[localhost/wordpress/wp-content/plugins/woocommerce/assets/fonts/star.eot]
[localhost/wordpress/wp-content/plugins/woocommerce/assets/fonts/stard41d.eot]
[localhost/wordpress/wp-content/plugins/woocommerce/assets/fonts/star.woff]
[localhost/wordpress/wp-content/plugins/woocommerce/assets/fonts/star.ttf]
[localhost/wordpress/wp-content/plugins/woocommerce/assets/fonts/WooCommerce.eot]
[localhost/wordpress/wp-content/plugins/woocommerce/assets/fonts/WooCommerce.woff]
[localhost/wordpress/wp-content/plugins/woocommerce/assets/fonts/WooCommerce.ttf]
[localhost/wordpress/wp-content/plugins/woocommerce/assets/fonts/WooCommerced41d.eot]
[localhost/wordpress/wp-content/themes/kenta/dist/css/woo.min9632.css]
[localhost/wordpress/wp-json/wp/v2/pages/20.json]
[localhost/wordpress/wp-json/oembed/1.0/embed4c30.json]
[localhost/wordpress/wp-json/oembed/1.0/embed8435]
[localhost/wordpress/wp-content/uploads/2023/09/abstract-background-3.jpg]
[localhost/wordpress/about/index.html]
[localhost/wordpress/wp-json/wp/v2/pages/21.json]
[localhost/wordpress/wp-json/oembed/1.0/embed9bba.json]
[localhost/wordpress/wp-json/oembed/1.0/embeda399]
[localhost/wordpress/contact/index.html]
[localhost/wordpress/wp-json/wp/v2/pages/169.json]
[localhost/wordpress/wp-json/oembed/1.0/embed1647.json]
[localhost/wordpress/wp-json/oembed/1.0/embedb6e8]
[localhost/wordpress/privacy-policy-2/index.html]
[localhost/wordpress/wp-content/uploads/2023/09/shivneri-hostel-pune-1jyyz4axv6-1604898083.jpg]
[localhost/wordpress/wp-content/uploads/2023/09/270846307.jpg]
[localhost/wordpress/wp-content/uploads/2023/09/10-Bed-Room-scaled-1.jpg]
[localhost/wordpress/shop/feed/index.html]
[localhost/wordpress/wp-content/uploads/2023/09/demo-pic.jpg]
[localhost/wordpress/shop/index.html]
[localhost/wordpress/wp-includes/js/mediaelement/mejs-controls.svg]
[localhost/wordpress/wp-content/plugins/kenta-blocks/assets/fontawesome/webfonts/fa-brands-400.html]
[localhost/wordpress/wp-content/plugins/kenta-blocks/assets/fontawesome/webfonts/fa-regular-400.html]
[localhost/wordpress/wp-content/plugins/kenta-blocks/assets/fontawesome/webfonts/fa-solid-900.html]
[localhost/wordpress/wp-content/plugins/kenta-blocks/assets/fontawesome/webfonts/fa-v4compatibility.html]
[localhost/wordpress/wp-content/themes/kenta/lotta-framework/dist/vendor/fontawesome/webfonts/fa-brands-400.html]
[localhost/wordpress/wp-content/themes/kenta/lotta-framework/dist/vendor/fontawesome/webfonts/fa-regular-400.html]
[localhost/wordpress/wp-content/themes/kenta/lotta-framework/dist/vendor/fontawesome/webfonts/fa-solid-900.html]
[localhost/wordpress/wp-content/themes/kenta/lotta-framework/dist/vendor/fontawesome/webfonts/fa-v4compatibility.html]
[localhost/wordpress/wp-content/plugins/woocommerce/assets/fonts/star.svg]
[localhost/wordpress/wp-content/plugins/woocommerce/assets/fonts/WooCommerce.svg]
[localhost/wordpress/index341b.html]
[localhost/wordpress/index3965.html]
[localhost/wordpress/indexff23.html]
[localhost/wordpress/product/agrawal-boys-hostel/feed/index.html]
[localhost/wordpress/wp-json/wp/v2/product/297.json]
[localhost/wordpress/wp-json/oembed/1.0/embed399d.json]
[localhost/wordpress/wp-json/oembed/1.0/embede301]
[localhost/wordpress/wp-content/plugins/woocommerce/assets/js/zoom/jquery.zoom.min96ff.js]
[localhost/wordpress/wp-content/plugins/woocommerce/assets/js/flexslider/jquery.flexslider.min513c.js]
[localhost/wordpress/wp-content/plugins/woocommerce/assets/js/photoswipe/photoswipe.min2420.js]
[localhost/wordpress/wp-content/plugins/woocommerce/assets/js/photoswipe/photoswipe-ui-default.min2420.js]
[localhost/wordpress/wp-content/plugins/woocommerce/assets/js/frontend/single-product.min12c8.js]
[localhost/wordpress/product/agrawal-boys-hostel/index.html]
[localhost/wordpress/shop/index3d95.html]
[localhost/wordpress/wp-includes/js/comment-reply.min9b30.js]
[localhost/wordpress/wp-json/wp/v2/product/295.json]
[localhost/wordpress/product/excellent-super-hostel/feed/index.html]
[localhost/wordpress/wp-json/oembed/1.0/embed5beb.json]
[localhost/wordpress/wp-json/oembed/1.0/embed922d]
[localhost/wordpress/product/excellent-super-hostel/index.html]
[localhost/wordpress/shop/indexfb29.html]
[localhost/wordpress/product/shantinir-hostel/feed/index.html]
[localhost/wordpress/wp-json/wp/v2/product/294.json]
[localhost/wordpress/wp-json/oembed/1.0/embed8da3.json]
[localhost/wordpress/wp-json/oembed/1.0/embede43c]
[localhost/wordpress/product/shantinir-hostel/index.html]
[localhost/wordpress/shop/index0634.html]
[localhost/wordpress/product/students-garden-hostel/feed/index.html]
[localhost/wordpress/wp-json/wp/v2/product/240.json]
[localhost/wordpress/wp-json/oembed/1.0/embed1f14.json]
[localhost/wordpress/wp-json/oembed/1.0/embed4a2e]
[localhost/wordpress/wp-content/uploads/2023/09/09-Bed-Room-scaled-1.jpg]
[localhost/wordpress/wp-content/uploads/2023/09/12-Bed-Room-scaled-1.jpg]
[localhost/wordpress/wp-content/uploads/2023/09/20-Hostel-Bus-scaled-1.jpg]
[localhost/wordpress/product/students-garden-hostel/index.html]
[localhost/wordpress/shop/index23d2.html]
[localhost/wordpress/wp-content/plugins/woocommerce/assets/css/photoswipe/default-skin/default-skin.png]
[localhost/wordpress/wp-content/plugins/woocommerce/assets/css/photoswipe/photoswipe.min12c8.css]
[localhost/wordpress/wp-content/plugins/woocommerce/assets/css/photoswipe/default-skin/preloader.gif]
[localhost/wordpress/wp-content/plugins/woocommerce/assets/css/photoswipe/default-skin/default-skin.min12c8.css]
[localhost/wordpress/index07ee.html]
[localhost/wordpress/wp-json/wp/v2/product_cat/20.json]
[localhost/wordpress/product-category/uncategorized/index.html]
[localhost/wordpress/product-category/uncategorized/feed/index.html]
[localhost/wordpress/product/agrawal-boys-hostel/indexfb29.html]
[localhost/wordpress/indexd29c.html]
[localhost/wordpress/index1422.html]
[localhost/wordpress/product/excellent-super-hostel/index3d95.html]
[localhost/wordpress/indexe2aa.html]
[localhost/wordpress/product-category/mohammadpur/feed/index.html]
[localhost/wordpress/wp-json/wp/v2/product_cat/27.json]
[localhost/wordpress/product-category/mohammadpur/index.html]
[localhost/wordpress/product/shantinir-hostel/index23d2.html]
[localhost/wordpress/indexcfe0.html]
[localhost/wordpress/product/students-garden-hostel/index0634.html]
[localhost/wordpress/wp-content/plugins/woocommerce/assets/css/photoswipe/default-skin/default-skin.svg]
[localhost/wordpress/product-category/uncategorized/index3d95.html]
[localhost/wordpress/product-category/uncategorized/indexfb29.html]
[localhost/wordpress/product-category/mohammadpur/index0634.html]
[localhost/wordpress/product-category/mohammadpur/index23d2.html]
